// Jest Snapshot v1, https://goo.gl/fbAQLP

exports[`<Demo /> component renders component 1`] = `
Object {
  "wrapper": <Provider
    store={
      Object {
        "dispatch": [Function],
        "getState": [Function],
        "replaceReducer": [Function],
        "subscribe": [Function],
        Symbol(observable): [Function],
      }
    }
  >
    <BrowserRouter>
      <Layout />
    </BrowserRouter>
  </Provider>,
}
`;
